// Vitest Snapshot v1, https://vitest.dev/guide/snapshot.html

exports[`Loop > render the right number of lines by default`] = `
<div>
  <label
    class="lunatic-label"
    for="table"
    id="label-table"
  >
    Ceci est un test
  </label>
  <div
    class="lunatic lunatic-component"
  >
    <div
      class="field-container"
    >
      <div
        class="field"
      >
        <div
          class="lunatic-input"
        >
          <label
            class="lunatic-label"
            for="nameId-0"
            id="label-nameId-0"
          >
            Ceci est un test
          </label>
          <div
            class="field-with-count"
          >
            <input
              aria-describedby="characters-count-nameId-0"
              aria-invalid="false"
              aria-labelledby="label-nameId-0"
              autocomplete="off"
              id="nameId-0"
              maxlength="249"
              title="Jonathan Doe"
              type="text"
              value="Jonathan Doe"
            />
            <span
              class="characters-count"
              id="characters-count-nameId-0"
            >
              12/249
            </span>
          </div>
        </div>
      </div>
    </div>
  </div>
  <div
    class="lunatic lunatic-component"
  >
    <div
      class="field-container"
    >
      <div
        class="field"
      >
        <div
          class="lunatic-input"
        >
          <label
            class="lunatic-label"
            for="nameId-1"
            id="label-nameId-1"
          >
            Ceci est un test
          </label>
          <div
            class="field-with-count"
          >
            <input
              aria-describedby="characters-count-nameId-1"
              aria-invalid="false"
              aria-labelledby="label-nameId-1"
              autocomplete="off"
              id="nameId-1"
              maxlength="249"
              title="Jonathan Doe"
              type="text"
              value="Jonathan Doe"
            />
            <span
              class="characters-count"
              id="characters-count-nameId-1"
            >
              12/249
            </span>
          </div>
        </div>
      </div>
    </div>
  </div>
  <div
    class="lunatic lunatic-component"
  >
    <div
      class="field-container"
    >
      <div
        class="field"
      >
        <div
          class="lunatic-input"
        >
          <label
            class="lunatic-label"
            for="nameId-2"
            id="label-nameId-2"
          >
            Ceci est un test
          </label>
          <div
            class="field-with-count"
          >
            <input
              aria-describedby="characters-count-nameId-2"
              aria-invalid="false"
              aria-labelledby="label-nameId-2"
              autocomplete="off"
              id="nameId-2"
              maxlength="249"
              title="Jonathan Doe"
              type="text"
              value="Jonathan Doe"
            />
            <span
              class="characters-count"
              id="characters-count-nameId-2"
            >
              12/249
            </span>
          </div>
        </div>
      </div>
    </div>
  </div>
  <div
    class="lunatic lunatic-component"
  >
    <div
      class="field-container"
    >
      <div
        class="field"
      >
        <div
          class="lunatic-input"
        >
          <label
            class="lunatic-label"
            for="nameId-3"
            id="label-nameId-3"
          >
            Ceci est un test
          </label>
          <div
            class="field-with-count"
          >
            <input
              aria-describedby="characters-count-nameId-3"
              aria-invalid="false"
              aria-labelledby="label-nameId-3"
              autocomplete="off"
              id="nameId-3"
              maxlength="249"
              title="Jonathan Doe"
              type="text"
              value="Jonathan Doe"
            />
            <span
              class="characters-count"
              id="characters-count-nameId-3"
            >
              12/249
            </span>
          </div>
        </div>
      </div>
    </div>
  </div>
  <input
    class="button-lunatic"
    type="button"
    value="Add row"
  />
  <input
    class="button-lunatic disabled"
    disabled=""
    type="button"
    value="Remove row"
  />
</div>
`;
